***Parse and echo airports***
SJC
SFO

***Parse and echo schedules***
Adding schedule for airport SJC
SJC
SFO 07:00 11:00 $230
SFO 09:30 11:30 $230
Adding schedule for airport SFO
SFO
SJC 05:00 07:30 $200
SJC 04:30 06:00 $300
SJC 10:00 13:00 $250

***Parse and calculate route times***
Route SIMPLE1 will be completed by 11:00 and costs $230
Route SIMPLE2 will be completed by 11:00 and costs $530
Route IMPOSSIBLE cannot be completed

validateFlightPath test
NULL check total cost -1
ACTUAL check total cost 500

